Time resolution is 1 ps

========================================
SEQUENTIAL AI MEMORY TEST
========================================
READ addr=0 data=1000 score=0 ML=0 bootstrap=0 time=1346000
READ addr=1 data=1001 score=0 ML=0 bootstrap=0 time=1416000
READ addr=2 data=1002 score=0 ML=0 bootstrap=0 time=1486000
READ addr=3 data=1003 score=0 ML=1 bootstrap=1 time=1576000
READ addr=4 data=1004 score=0 ML=1 bootstrap=1 time=1616000
READ addr=5 data=1005 score=5 ML=1 bootstrap=2 time=1666000
READ addr=6 data=1006 score=7 ML=1 bootstrap=2 time=1746000
READ addr=7 data=1007 score=7 ML=1 bootstrap=2 time=1816000
READ addr=8 data=1008 score=7 ML=1 bootstrap=2 time=1886000
READ addr=9 data=1009 score=7 ML=1 bootstrap=2 time=1956000
READ addr=10 data=100a score=7 ML=1 bootstrap=2 time=2026000
READ addr=11 data=100b score=7 ML=1 bootstrap=2 time=2096000
READ addr=12 data=100c score=7 ML=1 bootstrap=2 time=2166000
READ addr=13 data=100d score=7 ML=1 bootstrap=2 time=2236000
READ addr=14 data=100e score=7 ML=1 bootstrap=2 time=2306000
READ addr=15 data=100f score=4 ML=1 bootstrap=3 time=2396000

========================================
RESULTS
========================================
Cache hits       = 1
Cache misses     = 15
Prefetch starts  = 3
Useful prefetch  = 1
Useless prefetch = 1
Bootstrap count  = 3
========================================
$finish called at time : 2516 ns : File "C:/Users/Devansh Sharma/Code/Projects/ai_assisted_mem/tb/tb_ai_memory_top.v" Line 241

========================================
SEQUENTIAL AI MEMORY TEST
========================================
READ addr=0 data=1000 score=0 ML=0 bootstrap=0 time=1346000
READ addr=1 data=1001 score=0 ML=0 bootstrap=0 time=1416000
READ addr=2 data=1002 score=0 ML=0 bootstrap=0 time=1486000
READ addr=3 data=1003 score=0 ML=1 bootstrap=1 time=1576000
READ addr=4 data=1004 score=0 ML=1 bootstrap=1 time=1616000
READ addr=5 data=1005 score=5 ML=1 bootstrap=2 time=1666000
READ addr=6 data=1006 score=7 ML=1 bootstrap=2 time=1746000
READ addr=7 data=1007 score=7 ML=1 bootstrap=2 time=1816000
READ addr=8 data=1008 score=7 ML=1 bootstrap=2 time=1886000
READ addr=9 data=1009 score=7 ML=1 bootstrap=2 time=1956000
READ addr=10 data=100a score=7 ML=1 bootstrap=2 time=2026000
READ addr=11 data=100b score=7 ML=1 bootstrap=2 time=2096000
READ addr=12 data=100c score=7 ML=1 bootstrap=2 time=2166000
READ addr=13 data=100d score=7 ML=1 bootstrap=2 time=2236000
READ addr=14 data=100e score=7 ML=1 bootstrap=2 time=2306000
READ addr=15 data=100f score=4 ML=1 bootstrap=3 time=2396000

========================================
RESULTS
========================================
Cache hits       = 1
Cache misses     = 15
Prefetch starts  = 3
Useful prefetch  = 1
Useless prefetch = 1
Bootstrap count  = 3
========================================
$finish called at time : 2516 ns : File "C:/Users/Devansh Sharma/Code/Projects/ai_assisted_mem/tb/tb_ai_memory_top.v" Line 241
